
> aapr-client@1.0.0 test
> vitest run src/components/ui/AuthenticatedLayout.test.tsx


[7m[1m[36m RUN [39m[22m[27m [36mv0.34.6[39m [90mC:/Users/nmatton/OneDrive - Universit├® de Namur/PhD_Nicolas_Matton/AgilePractices/APR_proto/bmad_version/client[39m

 [33mÔØ»[39m src/components/ui/AuthenticatedLayout.test.tsx [2m ([22m[2m13 tests[22m [2m|[22m [31m1 failed[39m[2m)[22m[90m 199[2mms[22m[39m
[31m   [33mÔØ»[31m src/components/ui/AuthenticatedLayout.test.tsx[2m > [22mAuthenticatedLayout[2m > [22mrenders Team Dashboard and Members links when in team context[39m
[31m     ÔåÆ Unable to find an element with the text: Team Dashboard. This could be because the text is broken up by multiple elements. In this case, you can provide a function for your text matcher to make your matcher more flexible.

Ignored nodes: comments, script, style
[36m<body>[31m
  [36m<div>[31m
    [36m<div[31m
      [33mclass[31m=[32m"min-h-screen bg-gray-50"[31m
    [36m>[31m
      [36m<header[31m
        [33mclass[31m=[32m"bg-white shadow"[31m
      [36m>[31m
        [36m<div[31m
          [33mclass[31m=[32m"max-w-7xl mx-auto px-4 sm:px-6 lg:px-8 py-4"[31m
        [36m>[31m
          [36m<div[31m
            [33mclass[31m=[32m"flex justify-between items-center"[31m
          [36m>[31m
            [36m<div[31m
              [33mclass[31m=[32m"flex items-center"[31m
            [36m>[31m
              [36m<button[31m
                [33mclass[31m=[32m"text-xl font-semibold text-gray-900 hover:text-teal-600 transition-colors"[31m
                [33mtype[31m=[32m"button"[31m
              [36m>[31m
                [0mAAPR[0m
              [36m</button>[31m
            [36m</div>[31m
            [36m<nav[31m
              [33mclass[31m=[32m"hidden md:flex items-center gap-6"[31m
            [36m>[31m
              [36m<a[31m
                [33mclass[31m=[32m"text-sm font-medium transition-colors text-gray-700 hover:text-teal-600"[31m
                [33mdata-discover[31m=[32m"true"[31m
                [33mhref[31m=[32m"/practices"[31m
              [36m>[31m
                [0mPractice Catalog[0m
              [36m</a>[31m
              [36m<div[31m
                [33mclass[31m=[32m"flex items-center gap-2 text-sm text-gray-700 ml-4 border-l pl-6 border-gray-200"[31m
              [36m>[31m
                [36m<div[31m
                  [33mclass[31m=[32m"w-8 h-8 rounded-full bg-teal-100 flex items-center justify-center"[31m
                [36m>[31m
                  [36m<span[31m
                    [33mclass[31m=[32m"text-teal-700 font-medium"[31m
                  [36m>[31m
                    [0mT[0m
                  [36m</span>[31m
                [36m</div>[31m
                [36m<span[31m
                  [33mclass[31m=[32m"hidden lg:inline"[31m
                [36m>[31m
                  [0mTest User[0m
                [36m</span>[31m
              [36m</div>[31m
              [36m<button[31m
                [33mclass[31m=[32m"text-sm font-medium text-indigo-600 hover:text-indigo-800 disabled:opacity-50 transition-colors"[31m
                [33mtype[31m=[32m"button"[31m
              [36m>[31m
                [0mLogout[0m
              [36m</button>[31m
            [36m</nav>[31m
            [36m<div[31m
              [33mclass[31m=[32m"flex items-center md:hidden"[31m
            [36m>[31m
              [36m<button[31m
                [33maria-expanded[31m=[32m"false"[31m
                [33mclass[31m=[32m"inline-flex items-center justify-center p-2 rounded-md text-gray-700 hover:text-teal-600 hover:bg-gray-100 focus:outline-none focus:ring-2 focus:ring-inset focus:ring-teal-500"[31m
                [33mdata-testid[31m=[32m"mobile-menu-button"[31m
                [33mtype[31m=[32m"button"[31m
              [36m>[31m
                [36m<span[31m
                  [33mclass[31m=[32m"sr-only"[31m
                [36m>[31m
                  [0mOpen main menu[0m
                [36m</span>[31m
                [36m<svg[31m
                  [33maria-hidden[31m=[32m"true"[31m
                  [33mclass[31m=[32m"block h-6 w-6"[31m
                  [33mfill[31m=[32m"none"[31m
                  [33mstroke[31m=[32m"currentColor"[31m
                  [33mviewBox[31m=[32m"0 0 24 24"[31m
                  [33mxmlns[31m=[32m"http://www.w3.org/2000/svg"[31m
                [36m>[31m
                  [36m<path[31m
                    [33md[31m=[32m"M4 6h16M4 12h16M4 18h16"[31m
                    [33mstroke-linecap[31m=[32m"round"[31m
                    [33mstroke-linejoin[31m=[32m"round"[31m
                    [33mstroke-width[31m=[32m"2"[31m
                  [36m/>[31m
                [36m</svg>[31m
              [36m</button>[31m
            [36m</div>[31m
          [36m</div>[31m
        [36m</div>[31m
      [36m</header>[31m
      [36m<main>[31m
        [36m<div>[31m
          [0mContent[0m
        [36m</div>[31m
      [36m</main>[31m
    [36m</div>[31m
  [36m</div>[31m
[36m</body>[31m[39m

node.exe : [31mÔÄ»ÔÄ»ÔÄ»ÔÄ»ÔÄ»ÔÄ»ÔÄ»[1m[7m Failed Tests 1 
[27m[22mÔÄ»ÔÄ»ÔÄ»ÔÄ»ÔÄ»ÔÄ»ÔÄ»[39m
Au caractère C:\Users\nmatton\AppData\Roaming\npm\npm.ps1:24 : 5
+     & "node$exe"  "$basedir/node_modules/npm/bin/npm-cli.js" $args
+     ~~~~~~~~~~~~~~~~~~~~~~~~~~~~~~~~~~~~~~~~~~~~~~~~~~~~~~~~~~~~~~
    + CategoryInfo          : NotSpecified: ([31mÔÄ»ÔÄ»ÔÄ»Ô...»ÔÄ»ÔÄ»ÔÄ»[39m:String 
   ) [], RemoteException
    + FullyQualifiedErrorId : NativeCommandError
 

[31m[1m[7m FAIL [27m[22m[39m src/components/ui/AuthenticatedLayout.test.tsx[2m 
> [22mAuthenticatedLayout[2m > [22mrenders Team Dashboard and Members links when 
in team context
[31m[1mTestingLibraryElementError[22m: Unable to find an element with the text: 
Team Dashboard. This could be because the text is broken up by multiple elements. In 
this case, you can provide a function for your text matcher to make your matcher more 
flexible.

Ignored nodes: comments, script, style
[36m<body>[31m
  [36m<div>[31m
    [36m<div[31m
      [33mclass[31m=[32m"min-h-screen bg-gray-50"[31m
    [36m>[31m
      [36m<header[31m
        [33mclass[31m=[32m"bg-white shadow"[31m
      [36m>[31m
        [36m<div[31m
          [33mclass[31m=[32m"max-w-7xl mx-auto px-4 sm:px-6 lg:px-8 py-4"[31m
        [36m>[31m
          [36m<div[31m
            [33mclass[31m=[32m"flex justify-between items-center"[31m
          [36m>[31m
            [36m<div[31m
              [33mclass[31m=[32m"flex items-center"[31m
            [36m>[31m
              [36m<button[31m
                [33mclass[31m=[32m"text-xl font-semibold text-gray-900 
hover:text-teal-600 transition-colors"[31m
                [33mtype[31m=[32m"button"[31m
              [36m>[31m
                [0mAAPR[0m
              [36m</button>[31m
            [36m</div>[31m
            [36m<nav[31m
              [33mclass[31m=[32m"hidden md:flex items-center gap-6"[31m
            [36m>[31m
              [36m<a[31m
                [33mclass[31m=[32m"text-sm font-medium transition-colors 
text-gray-700 hover:text-teal-600"[31m
                [33mdata-discover[31m=[32m"true"[31m
                [33mhref[31m=[32m"/practices"[31m
              [36m>[31m
                [0mPractice Catalog[0m
              [36m</a>[31m
              [36m<div[31m
                [33mclass[31m=[32m"flex items-center gap-2 text-sm text-gray-700 
ml-4 border-l pl-6 border-gray-200"[31m
              [36m>[31m
                [36m<div[31m
                  [33mclass[31m=[32m"w-8 h-8 rounded-full bg-teal-100 flex 
items-center justify-center"[31m
                [36m>[31m
                  [36m<span[31m
                    [33mclass[31m=[32m"text-teal-700 font-medium"[31m
                  [36m>[31m
                    [0mT[0m
                  [36m</span>[31m
                [36m</div>[31m
                [36m<span[31m
                  [33mclass[31m=[32m"hidden lg:inline"[31m
                [36m>[31m
                  [0mTest User[0m
                [36m</span>[31m
              [36m</div>[31m
              [36m<button[31m
                [33mclass[31m=[32m"text-sm font-medium text-indigo-600 
hover:text-indigo-800 disabled:opacity-50 transition-colors"[31m
                [33mtype[31m=[32m"button"[31m
              [36m>[31m
                [0mLogout[0m
              [36m</button>[31m
            [36m</nav>[31m
            [36m<div[31m
              [33mclass[31m=[32m"flex items-center md:hidden"[31m
            [36m>[31m
              [36m<button[31m
                [33maria-expanded[31m=[32m"false"[31m
                [33mclass[31m=[32m"inline-flex items-center justify-center p-2 
rounded-md text-gray-700 hover:text-teal-600 hover:bg-gray-100 focus:outline-none 
focus:ring-2 focus:ring-inset focus:ring-teal-500"[31m
                [33mdata-testid[31m=[32m"mobile-menu-button"[31m
                [33mtype[31m=[32m"button"[31m
              [36m>[31m
                [36m<span[31m
                  [33mclass[31m=[32m"sr-only"[31m
                [36m>[31m
                  [0mOpen main menu[0m
                [36m</span>[31m
                [36m<svg[31m
                  [33maria-hidden[31m=[32m"true"[31m
                  [33mclass[31m=[32m"block h-6 w-6"[31m
                  [33mfill[31m=[32m"none"[31m
                  [33mstroke[31m=[32m"currentColor"[31m
                  [33mviewBox[31m=[32m"0 0 24 24"[31m
                  [33mxmlns[31m=[32m"http://www.w3.org/2000/svg"[31m
                [36m>[31m
                  [36m<path[31m
                    [33md[31m=[32m"M4 6h16M4 12h16M4 18h16"[31m
                    [33mstroke-linecap[31m=[32m"round"[31m
                    [33mstroke-linejoin[31m=[32m"round"[31m
                    [33mstroke-width[31m=[32m"2"[31m
                  [36m/>[31m
                [36m</svg>[31m
              [36m</button>[31m
            [36m</div>[31m
          [36m</div>[31m
        [36m</div>[31m
      [36m</header>[31m
      [36m<main>[31m
        [36m<div>[31m
          [0mContent[0m
        [36m</div>[31m
      [36m</main>[31m
    [36m</div>[31m
  [36m</div>[31m
[36m</body>[31m[39m
[90m [2mÔØ»[22m Object.getElementError 
node_modules/@testing-library/dom/dist/config.js:[2m37:19[22m[39m
[90m [2mÔØ»[22m 
node_modules/@testing-library/dom/dist/query-helpers.js:[2m76:38[22m[39m
[90m [2mÔØ»[22m 
node_modules/@testing-library/dom/dist/query-helpers.js:[2m52:17[22m[39m
[90m [2mÔØ»[22m 
node_modules/@testing-library/dom/dist/query-helpers.js:[2m95:19[22m[39m
[36m [2mÔØ»[22m src/components/ui/AuthenticatedLayout.test.tsx:[2m155:23[22m[39m
    [90m153| [39m        )
    [90m154| [39m
    [90m155| [39m        expect(screen.getByText('Team 
Dashboard')).toBeInTheDocument()
    [90m   | [39m                      [31m^[39m
    [90m156| [39m        expect(screen.getByText('Members')).toBeInTheDocument()
    [90m157| [39m    })

[31m[2mÔÄ»ÔÄ»ÔÄ»ÔÄ»ÔÄ»ÔÄ»ÔÄ»ÔÄ»ÔÄ»ÔÄ»ÔÄ»ÔÄ»ÔÄ»ÔÄ»ÔÄ»ÔÄ»ÔÄ»ÔÄ»ÔÄ»ÔÄ»ÔÄ»ÔÄ»ÔÄ»ÔÄ»[1/1]
ÔÄ»[22m[39m

[2m Test Files [22m [1m[31m1 failed[39m[22m[90m (1)[39m
[2m      Tests [22m [1m[31m1 failed[39m[22m[2m | [22m[1m[32m12 passed[39m[22m[90m (13)[39m
[2m   Start at [22m 13:47:55
[2m   Duration [22m 1.99s[2m (transform 127ms, setup 137ms, collect 243ms, tests 199ms, environment 549ms, prepare 231ms)[22m

